127.0.0.1 - - [10/Oct/2025:13:55:00 +0000] "GET /health HTTP/1.1" 500 155 "-" "kube-probe/1.20"
192.168.1.10 - - [10/Oct/2025:13:55:01 +0000] "DELETE /health HTTP/1.1" 403 1739 "-" "PostmanRuntime/7.28.4"
10.0.0.5 - - [10/Oct/2025:13:55:02 +0000] "PUT /api/orders HTTP/1.1" 401 1369 "-" "Mozilla/5.0"
192.168.1.10 - - [10/Oct/2025:13:55:03 +0000] "DELETE /health HTTP/1.1" 400 701 "-" "kube-probe/1.20"
172.16.0.3 - - [10/Oct/2025:13:55:04 +0000] "DELETE /api/users HTTP/1.1" 404 1848 "-" "Mozilla/5.0"
10.0.0.5 - - [10/Oct/2025:13:55:05 +0000] "DELETE /api/orders HTTP/1.1" 201 296 "-" "kube-probe/1.20"
127.0.0.1 - - [10/Oct/2025:13:55:06 +0000] "PUT /health HTTP/1.1" 200 428 "-" "kube-probe/1.20"
127.0.0.1 - - [10/Oct/2025:13:55:07 +0000] "DELETE /api/orders HTTP/1.1" 400 708 "-" "Mozilla/5.0"
127.0.0.1 - - [10/Oct/2025:13:55:08 +0000] "GET /health HTTP/1.1" 200 423 "-" "kube-probe/1.20"
192.168.1.10 - - [10/Oct/2025:13:55:09 +0000] "GET /health HTTP/1.1" 400 1197 "-" "kube-probe/1.20"
192.168.1.10 - - [10/Oct/2025:13:55:10 +0000] "PUT /api/orders HTTP/1.1" 404 849 "-" "PostmanRuntime/7.28.4"
172.16.0.3 - - [10/Oct/2025:13:55:11 +0000] "DELETE /health HTTP/1.1" 500 1572 "-" "curl/7.68.0"
172.16.0.3 - - [10/Oct/2025:13:55:12 +0000] "POST /api/products HTTP/1.1" 401 1954 "-" "kube-probe/1.20"
127.0.0.1 - - [10/Oct/2025:13:55:13 +0000] "PUT /api/orders HTTP/1.1" 500 522 "-" "curl/7.68.0"
192.168.1.10 - - [10/Oct/2025:13:55:14 +0000] "POST /health HTTP/1.1" 500 275 "-" "curl/7.68.0"
192.168.1.10 - - [10/Oct/2025:13:55:15 +0000] "DELETE /health HTTP/1.1" 401 1695 "-" "PostmanRuntime/7.28.4"
192.168.1.10 - - [10/Oct/2025:13:55:16 +0000] "PUT /health HTTP/1.1" 401 2000 "-" "curl/7.68.0"
10.0.0.5 - - [10/Oct/2025:13:55:17 +0000] "PUT /api/users HTTP/1.1" 403 1286 "-" "curl/7.68.0"
172.16.0.3 - - [10/Oct/2025:13:55:18 +0000] "GET /api/users HTTP/1.1" 200 404 "-" "PostmanRuntime/7.28.4"
192.168.1.10 - - [10/Oct/2025:13:55:19 +0000] "GET /api/login HTTP/1.1" 200 1767 "-" "curl/7.68.0"
10.0.0.5 - - [10/Oct/2025:13:55:20 +0000] "GET /api/products HTTP/1.1" 401 1355 "-" "kube-probe/1.20"
192.168.1.10 - - [10/Oct/2025:13:55:21 +0000] "GET /api/login HTTP/1.1" 400 1510 "-" "Mozilla/5.0"
192.168.1.10 - - [10/Oct/2025:13:55:22 +0000] "POST /api/login HTTP/1.1" 401 249 "-" "Mozilla/5.0"
10.0.0.5 - - [10/Oct/2025:13:55:23 +0000] "GET /api/users HTTP/1.1" 400 673 "-" "curl/7.68.0"
10.0.0.5 - - [10/Oct/2025:13:55:24 +0000] "POST /api/orders HTTP/1.1" 500 1308 "-" "Mozilla/5.0"
10.0.0.5 - - [10/Oct/2025:13:55:25 +0000] "GET /api/users HTTP/1.1" 201 1613 "-" "Mozilla/5.0"
172.16.0.3 - - [10/Oct/2025:13:55:26 +0000] "POST /health HTTP/1.1" 201 398 "-" "PostmanRuntime/7.28.4"
10.0.0.5 - - [10/Oct/2025:13:55:27 +0000] "DELETE /api/orders HTTP/1.1" 404 376 "-" "Mozilla/5.0"
127.0.0.1 - - [10/Oct/2025:13:55:28 +0000] "DELETE /api/orders HTTP/1.1" 500 1609 "-" "curl/7.68.0"
192.168.1.10 - - [10/Oct/2025:13:55:29 +0000] "GET /api/login HTTP/1.1" 201 719 "-" "kube-probe/1.20"
172.16.0.3 - - [10/Oct/2025:13:55:30 +0000] "PUT /api/login HTTP/1.1" 404 1442 "-" "PostmanRuntime/7.28.4"
127.0.0.1 - - [10/Oct/2025:13:55:31 +0000] "GET /api/users HTTP/1.1" 201 1138 "-" "Mozilla/5.0"
172.16.0.3 - - [10/Oct/2025:13:55:32 +0000] "GET /api/users HTTP/1.1" 404 205 "-" "PostmanRuntime/7.28.4"
172.16.0.3 - - [10/Oct/2025:13:55:33 +0000] "POST /health HTTP/1.1" 200 1768 "-" "kube-probe/1.20"
127.0.0.1 - - [10/Oct/2025:13:55:34 +0000] "DELETE /api/orders HTTP/1.1" 200 303 "-" "kube-probe/1.20"
192.168.1.10 - - [10/Oct/2025:13:55:35 +0000] "GET /api/users HTTP/1.1" 200 909 "-" "PostmanRuntime/7.28.4"
10.0.0.5 - - [10/Oct/2025:13:55:36 +0000] "POST /health HTTP/1.1" 403 1849 "-" "kube-probe/1.20"
192.168.1.10 - - [10/Oct/2025:13:55:37 +0000] "DELETE /api/login HTTP/1.1" 500 1587 "-" "Mozilla/5.0"
172.16.0.3 - - [10/Oct/2025:13:55:38 +0000] "DELETE /api/products HTTP/1.1" 403 1529 "-" "kube-probe/1.20"
10.0.0.5 - - [10/Oct/2025:13:55:39 +0000] "POST /health HTTP/1.1" 401 1481 "-" "kube-probe/1.20"
192.168.1.10 - - [10/Oct/2025:13:55:40 +0000] "DELETE /api/orders HTTP/1.1" 404 109 "-" "PostmanRuntime/7.28.4"
10.0.0.5 - - [10/Oct/2025:13:55:41 +0000] "DELETE /api/users HTTP/1.1" 400 370 "-" "curl/7.68.0"
10.0.0.5 - - [10/Oct/2025:13:55:42 +0000] "GET /api/products HTTP/1.1" 401 1159 "-" "Mozilla/5.0"
192.168.1.10 - - [10/Oct/2025:13:55:43 +0000] "PUT /api/products HTTP/1.1" 500 145 "-" "kube-probe/1.20"
192.168.1.10 - - [10/Oct/2025:13:55:44 +0000] "PUT /api/users HTTP/1.1" 403 1553 "-" "Mozilla/5.0"
172.16.0.3 - - [10/Oct/2025:13:55:45 +0000] "POST /api/users HTTP/1.1" 401 766 "-" "PostmanRuntime/7.28.4"
127.0.0.1 - - [10/Oct/2025:13:55:46 +0000] "POST /health HTTP/1.1" 200 1672 "-" "Mozilla/5.0"
10.0.0.5 - - [10/Oct/2025:13:55:47 +0000] "GET /health HTTP/1.1" 401 859 "-" "PostmanRuntime/7.28.4"
192.168.1.10 - - [10/Oct/2025:13:55:48 +0000] "DELETE /api/users HTTP/1.1" 404 1033 "-" "curl/7.68.0"
10.0.0.5 - - [10/Oct/2025:13:55:49 +0000] "GET /health HTTP/1.1" 400 566 "-" "kube-probe/1.20"
172.16.0.3 - - [10/Oct/2025:13:55:50 +0000] "PUT /api/users HTTP/1.1" 201 288 "-" "curl/7.68.0"
10.0.0.5 - - [10/Oct/2025:13:55:51 +0000] "POST /api/users HTTP/1.1" 401 1636 "-" "Mozilla/5.0"
192.168.1.10 - - [10/Oct/2025:13:55:52 +0000] "DELETE /api/login HTTP/1.1" 401 991 "-" "kube-probe/1.20"
172.16.0.3 - - [10/Oct/2025:13:55:53 +0000] "POST /api/orders HTTP/1.1" 401 1539 "-" "Mozilla/5.0"
192.168.1.10 - - [10/Oct/2025:13:55:54 +0000] "PUT /api/login HTTP/1.1" 201 1913 "-" "curl/7.68.0"
172.16.0.3 - - [10/Oct/2025:13:55:55 +0000] "PUT /api/products HTTP/1.1" 201 1713 "-" "Mozilla/5.0"
10.0.0.5 - - [10/Oct/2025:13:55:56 +0000] "GET /api/login HTTP/1.1" 401 1247 "-" "Mozilla/5.0"
172.16.0.3 - - [10/Oct/2025:13:55:57 +0000] "PUT /health HTTP/1.1" 200 221 "-" "kube-probe/1.20"
192.168.1.10 - - [10/Oct/2025:13:55:58 +0000] "DELETE /api/login HTTP/1.1" 201 511 "-" "curl/7.68.0"
172.16.0.3 - - [10/Oct/2025:13:55:59 +0000] "PUT /api/products HTTP/1.1" 400 1900 "-" "PostmanRuntime/7.28.4"
127.0.0.1 - - [10/Oct/2025:13:56:00 +0000] "PUT /api/orders HTTP/1.1" 400 1332 "-" "Mozilla/5.0"
10.0.0.5 - - [10/Oct/2025:13:56:01 +0000] "DELETE /api/login HTTP/1.1" 201 172 "-" "curl/7.68.0"
172.16.0.3 - - [10/Oct/2025:13:56:02 +0000] "GET /api/login HTTP/1.1" 400 776 "-" "curl/7.68.0"
10.0.0.5 - - [10/Oct/2025:13:56:03 +0000] "GET /api/users HTTP/1.1" 400 1012 "-" "PostmanRuntime/7.28.4"
172.16.0.3 - - [10/Oct/2025:13:56:04 +0000] "GET /api/products HTTP/1.1" 404 1227 "-" "curl/7.68.0"
172.16.0.3 - - [10/Oct/2025:13:56:05 +0000] "POST /health HTTP/1.1" 500 1438 "-" "kube-probe/1.20"
127.0.0.1 - - [10/Oct/2025:13:56:06 +0000] "POST /api/products HTTP/1.1" 200 234 "-" "curl/7.68.0"
127.0.0.1 - - [10/Oct/2025:13:56:07 +0000] "DELETE /api/login HTTP/1.1" 500 1458 "-" "PostmanRuntime/7.28.4"
10.0.0.5 - - [10/Oct/2025:13:56:08 +0000] "DELETE /health HTTP/1.1" 400 346 "-" "curl/7.68.0"
172.16.0.3 - - [10/Oct/2025:13:56:09 +0000] "DELETE /api/login HTTP/1.1" 200 403 "-" "kube-probe/1.20"
10.0.0.5 - - [10/Oct/2025:13:56:10 +0000] "PUT /api/products HTTP/1.1" 400 1760 "-" "Mozilla/5.0"
192.168.1.10 - - [10/Oct/2025:13:56:11 +0000] "DELETE /health HTTP/1.1" 401 1470 "-" "curl/7.68.0"
127.0.0.1 - - [10/Oct/2025:13:56:12 +0000] "POST /api/users HTTP/1.1" 200 394 "-" "PostmanRuntime/7.28.4"
172.16.0.3 - - [10/Oct/2025:13:56:13 +0000] "DELETE /api/products HTTP/1.1" 404 1148 "-" "PostmanRuntime/7.28.4"
172.16.0.3 - - [10/Oct/2025:13:56:14 +0000] "POST /api/orders HTTP/1.1" 401 1802 "-" "Mozilla/5.0"
192.168.1.10 - - [10/Oct/2025:13:56:15 +0000] "PUT /api/orders HTTP/1.1" 400 766 "-" "Mozilla/5.0"
127.0.0.1 - - [10/Oct/2025:13:56:16 +0000] "POST /api/orders HTTP/1.1" 403 1332 "-" "Mozilla/5.0"
10.0.0.5 - - [10/Oct/2025:13:56:17 +0000] "POST /api/login HTTP/1.1" 403 174 "-" "curl/7.68.0"
10.0.0.5 - - [10/Oct/2025:13:56:18 +0000] "PUT /health HTTP/1.1" 500 1842 "-" "kube-probe/1.20"
10.0.0.5 - - [10/Oct/2025:13:56:19 +0000] "POST /api/login HTTP/1.1" 200 728 "-" "curl/7.68.0"
127.0.0.1 - - [10/Oct/2025:13:56:20 +0000] "PUT /api/users HTTP/1.1" 400 1245 "-" "Mozilla/5.0"
10.0.0.5 - - [10/Oct/2025:13:56:21 +0000] "PUT /api/users HTTP/1.1" 500 1334 "-" "kube-probe/1.20"
172.16.0.3 - - [10/Oct/2025:13:56:22 +0000] "PUT /health HTTP/1.1" 201 1515 "-" "PostmanRuntime/7.28.4"
172.16.0.3 - - [10/Oct/2025:13:56:23 +0000] "POST /health HTTP/1.1" 400 573 "-" "kube-probe/1.20"
192.168.1.10 - - [10/Oct/2025:13:56:24 +0000] "PUT /api/login HTTP/1.1" 200 1373 "-" "PostmanRuntime/7.28.4"
172.16.0.3 - - [10/Oct/2025:13:56:25 +0000] "DELETE /api/products HTTP/1.1" 400 1610 "-" "Mozilla/5.0"
127.0.0.1 - - [10/Oct/2025:13:56:26 +0000] "DELETE /api/orders HTTP/1.1" 400 1735 "-" "curl/7.68.0"
172.16.0.3 - - [10/Oct/2025:13:56:27 +0000] "DELETE /api/orders HTTP/1.1" 403 1152 "-" "PostmanRuntime/7.28.4"
172.16.0.3 - - [10/Oct/2025:13:56:28 +0000] "PUT /api/products HTTP/1.1" 400 459 "-" "Mozilla/5.0"
10.0.0.5 - - [10/Oct/2025:13:56:29 +0000] "GET /health HTTP/1.1" 201 1579 "-" "curl/7.68.0"
10.0.0.5 - - [10/Oct/2025:13:56:30 +0000] "DELETE /health HTTP/1.1" 403 299 "-" "Mozilla/5.0"
172.16.0.3 - - [10/Oct/2025:13:56:31 +0000] "GET /health HTTP/1.1" 403 1782 "-" "kube-probe/1.20"
172.16.0.3 - - [10/Oct/2025:13:56:32 +0000] "DELETE /api/products HTTP/1.1" 400 63 "-" "Mozilla/5.0"
172.16.0.3 - - [10/Oct/2025:13:56:33 +0000] "GET /api/users HTTP/1.1" 401 1872 "-" "curl/7.68.0"
127.0.0.1 - - [10/Oct/2025:13:56:34 +0000] "PUT /health HTTP/1.1" 200 324 "-" "kube-probe/1.20"
10.0.0.5 - - [10/Oct/2025:13:56:35 +0000] "PUT /api/users HTTP/1.1" 500 1185 "-" "PostmanRuntime/7.28.4"
172.16.0.3 - - [10/Oct/2025:13:56:36 +0000] "DELETE /api/users HTTP/1.1" 500 280 "-" "curl/7.68.0"
10.0.0.5 - - [10/Oct/2025:13:56:37 +0000] "GET /health HTTP/1.1" 201 1241 "-" "Mozilla/5.0"
127.0.0.1 - - [10/Oct/2025:13:56:38 +0000] "GET /api/login HTTP/1.1" 404 1117 "-" "Mozilla/5.0"
192.168.1.10 - - [10/Oct/2025:13:56:39 +0000] "POST /api/login HTTP/1.1" 403 1509 "-" "Mozilla/5.0"
127.0.0.1 - - [10/Oct/2025:13:56:40 +0000] "DELETE /api/products HTTP/1.1" 201 1848 "-" "PostmanRuntime/7.28.4"
10.0.0.5 - - [10/Oct/2025:13:56:41 +0000] "GET /health HTTP/1.1" 500 615 "-" "curl/7.68.0"
172.16.0.3 - - [10/Oct/2025:13:56:42 +0000] "PUT /api/orders HTTP/1.1" 400 1997 "-" "kube-probe/1.20"
192.168.1.10 - - [10/Oct/2025:13:56:43 +0000] "DELETE /api/orders HTTP/1.1" 400 745 "-" "PostmanRuntime/7.28.4"
172.16.0.3 - - [10/Oct/2025:13:56:44 +0000] "PUT /api/users HTTP/1.1" 500 1641 "-" "Mozilla/5.0"
172.16.0.3 - - [10/Oct/2025:13:56:45 +0000] "POST /health HTTP/1.1" 401 279 "-" "kube-probe/1.20"
172.16.0.3 - - [10/Oct/2025:13:56:46 +0000] "DELETE /api/users HTTP/1.1" 400 514 "-" "Mozilla/5.0"
172.16.0.3 - - [10/Oct/2025:13:56:47 +0000] "POST /api/login HTTP/1.1" 401 872 "-" "curl/7.68.0"
172.16.0.3 - - [10/Oct/2025:13:56:48 +0000] "POST /api/orders HTTP/1.1" 403 1591 "-" "PostmanRuntime/7.28.4"
10.0.0.5 - - [10/Oct/2025:13:56:49 +0000] "GET /api/users HTTP/1.1" 400 610 "-" "PostmanRuntime/7.28.4"
10.0.0.5 - - [10/Oct/2025:13:56:50 +0000] "PUT /health HTTP/1.1" 500 569 "-" "kube-probe/1.20"
192.168.1.10 - - [10/Oct/2025:13:56:51 +0000] "PUT /health HTTP/1.1" 500 1364 "-" "curl/7.68.0"
127.0.0.1 - - [10/Oct/2025:13:56:52 +0000] "DELETE /api/orders HTTP/1.1" 401 316 "-" "Mozilla/5.0"
10.0.0.5 - - [10/Oct/2025:13:56:53 +0000] "PUT /api/login HTTP/1.1" 404 1698 "-" "kube-probe/1.20"
192.168.1.10 - - [10/Oct/2025:13:56:54 +0000] "POST /health HTTP/1.1" 200 1932 "-" "PostmanRuntime/7.28.4"
192.168.1.10 - - [10/Oct/2025:13:56:55 +0000] "GET /api/users HTTP/1.1" 404 417 "-" "curl/7.68.0"
10.0.0.5 - - [10/Oct/2025:13:56:56 +0000] "PUT /api/login HTTP/1.1" 400 1718 "-" "kube-probe/1.20"
10.0.0.5 - - [10/Oct/2025:13:56:57 +0000] "PUT /api/login HTTP/1.1" 400 628 "-" "curl/7.68.0"
172.16.0.3 - - [10/Oct/2025:13:56:58 +0000] "DELETE /api/users HTTP/1.1" 404 896 "-" "curl/7.68.0"
192.168.1.10 - - [10/Oct/2025:13:56:59 +0000] "PUT /api/products HTTP/1.1" 404 537 "-" "PostmanRuntime/7.28.4"
127.0.0.1 - - [10/Oct/2025:13:57:00 +0000] "POST /api/users HTTP/1.1" 404 1327 "-" "kube-probe/1.20"
127.0.0.1 - - [10/Oct/2025:13:57:01 +0000] "POST /health HTTP/1.1" 200 1606 "-" "curl/7.68.0"
172.16.0.3 - - [10/Oct/2025:13:57:02 +0000] "POST /health HTTP/1.1" 400 1881 "-" "PostmanRuntime/7.28.4"
127.0.0.1 - - [10/Oct/2025:13:57:03 +0000] "POST /api/users HTTP/1.1" 401 1367 "-" "kube-probe/1.20"
127.0.0.1 - - [10/Oct/2025:13:57:04 +0000] "GET /api/login HTTP/1.1" 401 1333 "-" "kube-probe/1.20"
10.0.0.5 - - [10/Oct/2025:13:57:05 +0000] "POST /api/orders HTTP/1.1" 200 952 "-" "PostmanRuntime/7.28.4"
172.16.0.3 - - [10/Oct/2025:13:57:06 +0000] "PUT /api/login HTTP/1.1" 404 928 "-" "kube-probe/1.20"
172.16.0.3 - - [10/Oct/2025:13:57:07 +0000] "POST /api/products HTTP/1.1" 400 1893 "-" "PostmanRuntime/7.28.4"
192.168.1.10 - - [10/Oct/2025:13:57:08 +0000] "POST /health HTTP/1.1" 200 476 "-" "curl/7.68.0"
172.16.0.3 - - [10/Oct/2025:13:57:09 +0000] "POST /api/products HTTP/1.1" 404 1698 "-" "curl/7.68.0"
172.16.0.3 - - [10/Oct/2025:13:57:10 +0000] "PUT /api/products HTTP/1.1" 200 109 "-" "Mozilla/5.0"
10.0.0.5 - - [10/Oct/2025:13:57:11 +0000] "POST /api/orders HTTP/1.1" 500 91 "-" "PostmanRuntime/7.28.4"
192.168.1.10 - - [10/Oct/2025:13:57:12 +0000] "GET /api/orders HTTP/1.1" 403 1978 "-" "PostmanRuntime/7.28.4"
172.16.0.3 - - [10/Oct/2025:13:57:13 +0000] "GET /api/orders HTTP/1.1" 201 1269 "-" "PostmanRuntime/7.28.4"
172.16.0.3 - - [10/Oct/2025:13:57:14 +0000] "GET /api/products HTTP/1.1" 404 433 "-" "Mozilla/5.0"
192.168.1.10 - - [10/Oct/2025:13:57:15 +0000] "PUT /api/products HTTP/1.1" 401 1993 "-" "kube-probe/1.20"
127.0.0.1 - - [10/Oct/2025:13:57:16 +0000] "PUT /api/orders HTTP/1.1" 500 1905 "-" "Mozilla/5.0"
192.168.1.10 - - [10/Oct/2025:13:57:17 +0000] "POST /health HTTP/1.1" 400 1201 "-" "Mozilla/5.0"
127.0.0.1 - - [10/Oct/2025:13:57:18 +0000] "DELETE /api/login HTTP/1.1" 500 1380 "-" "PostmanRuntime/7.28.4"
127.0.0.1 - - [10/Oct/2025:13:57:19 +0000] "GET /api/products HTTP/1.1" 500 1942 "-" "Mozilla/5.0"
172.16.0.3 - - [10/Oct/2025:13:57:20 +0000] "DELETE /api/products HTTP/1.1" 400 1406 "-" "kube-probe/1.20"
172.16.0.3 - - [10/Oct/2025:13:57:21 +0000] "POST /api/products HTTP/1.1" 200 1242 "-" "curl/7.68.0"
10.0.0.5 - - [10/Oct/2025:13:57:22 +0000] "PUT /api/orders HTTP/1.1" 404 842 "-" "kube-probe/1.20"
192.168.1.10 - - [10/Oct/2025:13:57:23 +0000] "GET /api/login HTTP/1.1" 201 1999 "-" "Mozilla/5.0"
192.168.1.10 - - [10/Oct/2025:13:57:24 +0000] "POST /api/login HTTP/1.1" 500 647 "-" "curl/7.68.0"
172.16.0.3 - - [10/Oct/2025:13:57:25 +0000] "PUT /health HTTP/1.1" 403 644 "-" "Mozilla/5.0"
10.0.0.5 - - [10/Oct/2025:13:57:26 +0000] "PUT /api/users HTTP/1.1" 401 1406 "-" "kube-probe/1.20"
192.168.1.10 - - [10/Oct/2025:13:57:27 +0000] "PUT /api/products HTTP/1.1" 201 1402 "-" "curl/7.68.0"
127.0.0.1 - - [10/Oct/2025:13:57:28 +0000] "POST /api/orders HTTP/1.1" 400 159 "-" "kube-probe/1.20"
192.168.1.10 - - [10/Oct/2025:13:57:29 +0000] "GET /api/orders HTTP/1.1" 404 1065 "-" "kube-probe/1.20"
10.0.0.5 - - [10/Oct/2025:13:57:30 +0000] "PUT /api/orders HTTP/1.1" 401 894 "-" "Mozilla/5.0"
192.168.1.10 - - [10/Oct/2025:13:57:31 +0000] "DELETE /health HTTP/1.1" 201 198 "-" "PostmanRuntime/7.28.4"
127.0.0.1 - - [10/Oct/2025:13:57:32 +0000] "DELETE /api/products HTTP/1.1" 200 1057 "-" "curl/7.68.0"
192.168.1.10 - - [10/Oct/2025:13:57:33 +0000] "POST /api/products HTTP/1.1" 404 586 "-" "kube-probe/1.20"
127.0.0.1 - - [10/Oct/2025:13:57:34 +0000] "DELETE /api/users HTTP/1.1" 400 1446 "-" "curl/7.68.0"
127.0.0.1 - - [10/Oct/2025:13:57:35 +0000] "POST /api/products HTTP/1.1" 201 1127 "-" "Mozilla/5.0"
127.0.0.1 - - [10/Oct/2025:13:57:36 +0000] "PUT /health HTTP/1.1" 401 1068 "-" "Mozilla/5.0"
172.16.0.3 - - [10/Oct/2025:13:57:37 +0000] "GET /api/products HTTP/1.1" 201 391 "-" "curl/7.68.0"
10.0.0.5 - - [10/Oct/2025:13:57:38 +0000] "GET /api/orders HTTP/1.1" 401 1884 "-" "kube-probe/1.20"
10.0.0.5 - - [10/Oct/2025:13:57:39 +0000] "GET /api/orders HTTP/1.1" 401 1186 "-" "PostmanRuntime/7.28.4"
172.16.0.3 - - [10/Oct/2025:13:57:40 +0000] "PUT /health HTTP/1.1" 401 131 "-" "kube-probe/1.20"
192.168.1.10 - - [10/Oct/2025:13:57:41 +0000] "POST /api/users HTTP/1.1" 403 1099 "-" "kube-probe/1.20"
127.0.0.1 - - [10/Oct/2025:13:57:42 +0000] "GET /api/users HTTP/1.1" 403 751 "-" "PostmanRuntime/7.28.4"
172.16.0.3 - - [10/Oct/2025:13:57:43 +0000] "GET /api/products HTTP/1.1" 200 1934 "-" "PostmanRuntime/7.28.4"
172.16.0.3 - - [10/Oct/2025:13:57:44 +0000] "DELETE /api/users HTTP/1.1" 200 1312 "-" "curl/7.68.0"
192.168.1.10 - - [10/Oct/2025:13:57:45 +0000] "POST /api/login HTTP/1.1" 403 1153 "-" "curl/7.68.0"
127.0.0.1 - - [10/Oct/2025:13:57:46 +0000] "DELETE /api/login HTTP/1.1" 403 1795 "-" "PostmanRuntime/7.28.4"
192.168.1.10 - - [10/Oct/2025:13:57:47 +0000] "GET /api/products HTTP/1.1" 403 682 "-" "PostmanRuntime/7.28.4"
192.168.1.10 - - [10/Oct/2025:13:57:48 +0000] "PUT /health HTTP/1.1" 500 1024 "-" "kube-probe/1.20"
127.0.0.1 - - [10/Oct/2025:13:57:49 +0000] "POST /api/login HTTP/1.1" 200 863 "-" "kube-probe/1.20"
127.0.0.1 - - [10/Oct/2025:13:57:50 +0000] "POST /health HTTP/1.1" 400 833 "-" "curl/7.68.0"
172.16.0.3 - - [10/Oct/2025:13:57:51 +0000] "POST /api/users HTTP/1.1" 403 1653 "-" "kube-probe/1.20"
10.0.0.5 - - [10/Oct/2025:13:57:52 +0000] "PUT /api/users HTTP/1.1" 400 989 "-" "kube-probe/1.20"
127.0.0.1 - - [10/Oct/2025:13:57:53 +0000] "PUT /health HTTP/1.1" 201 75 "-" "Mozilla/5.0"
10.0.0.5 - - [10/Oct/2025:13:57:54 +0000] "GET /api/products HTTP/1.1" 200 1086 "-" "Mozilla/5.0"
127.0.0.1 - - [10/Oct/2025:13:57:55 +0000] "PUT /api/products HTTP/1.1" 400 389 "-" "kube-probe/1.20"
192.168.1.10 - - [10/Oct/2025:13:57:56 +0000] "POST /api/users HTTP/1.1" 404 915 "-" "Mozilla/5.0"
172.16.0.3 - - [10/Oct/2025:13:57:57 +0000] "DELETE /health HTTP/1.1" 500 1219 "-" "curl/7.68.0"
172.16.0.3 - - [10/Oct/2025:13:57:58 +0000] "DELETE /health HTTP/1.1" 201 1110 "-" "curl/7.68.0"
127.0.0.1 - - [10/Oct/2025:13:57:59 +0000] "POST /api/orders HTTP/1.1" 200 224 "-" "PostmanRuntime/7.28.4"
192.168.1.10 - - [10/Oct/2025:13:58:00 +0000] "GET /api/users HTTP/1.1" 500 338 "-" "PostmanRuntime/7.28.4"
172.16.0.3 - - [10/Oct/2025:13:58:01 +0000] "PUT /api/orders HTTP/1.1" 200 1815 "-" "kube-probe/1.20"
192.168.1.10 - - [10/Oct/2025:13:58:02 +0000] "DELETE /api/products HTTP/1.1" 403 501 "-" "kube-probe/1.20"
192.168.1.10 - - [10/Oct/2025:13:58:03 +0000] "DELETE /health HTTP/1.1" 500 236 "-" "Mozilla/5.0"
127.0.0.1 - - [10/Oct/2025:13:58:04 +0000] "DELETE /api/products HTTP/1.1" 200 1911 "-" "curl/7.68.0"
10.0.0.5 - - [10/Oct/2025:13:58:05 +0000] "PUT /api/orders HTTP/1.1" 404 85 "-" "PostmanRuntime/7.28.4"
127.0.0.1 - - [10/Oct/2025:13:58:06 +0000] "PUT /api/orders HTTP/1.1" 201 371 "-" "curl/7.68.0"
127.0.0.1 - - [10/Oct/2025:13:58:07 +0000] "PUT /api/users HTTP/1.1" 201 291 "-" "kube-probe/1.20"
172.16.0.3 - - [10/Oct/2025:13:58:08 +0000] "DELETE /health HTTP/1.1" 403 1864 "-" "kube-probe/1.20"
172.16.0.3 - - [10/Oct/2025:13:58:09 +0000] "DELETE /api/orders HTTP/1.1" 201 1926 "-" "kube-probe/1.20"
127.0.0.1 - - [10/Oct/2025:13:58:10 +0000] "POST /api/login HTTP/1.1" 200 1741 "-" "kube-probe/1.20"
192.168.1.10 - - [10/Oct/2025:13:58:11 +0000] "POST /api/users HTTP/1.1" 200 138 "-" "PostmanRuntime/7.28.4"
172.16.0.3 - - [10/Oct/2025:13:58:12 +0000] "DELETE /api/login HTTP/1.1" 401 307 "-" "curl/7.68.0"
192.168.1.10 - - [10/Oct/2025:13:58:13 +0000] "PUT /api/orders HTTP/1.1" 404 52 "-" "Mozilla/5.0"
172.16.0.3 - - [10/Oct/2025:13:58:14 +0000] "DELETE /api/login HTTP/1.1" 404 1042 "-" "PostmanRuntime/7.28.4"
192.168.1.10 - - [10/Oct/2025:13:58:15 +0000] "POST /api/orders HTTP/1.1" 201 1847 "-" "curl/7.68.0"
192.168.1.10 - - [10/Oct/2025:13:58:16 +0000] "POST /api/products HTTP/1.1" 403 1381 "-" "Mozilla/5.0"
127.0.0.1 - - [10/Oct/2025:13:58:17 +0000] "GET /api/orders HTTP/1.1" 401 693 "-" "kube-probe/1.20"
127.0.0.1 - - [10/Oct/2025:13:58:18 +0000] "DELETE /api/products HTTP/1.1" 201 1494 "-" "curl/7.68.0"
10.0.0.5 - - [10/Oct/2025:13:58:19 +0000] "POST /health HTTP/1.1" 400 409 "-" "Mozilla/5.0"
127.0.0.1 - - [10/Oct/2025:13:58:20 +0000] "PUT /api/login HTTP/1.1" 400 1213 "-" "curl/7.68.0"
192.168.1.10 - - [10/Oct/2025:13:58:21 +0000] "GET /api/products HTTP/1.1" 200 1620 "-" "Mozilla/5.0"
127.0.0.1 - - [10/Oct/2025:13:58:22 +0000] "PUT /api/users HTTP/1.1" 500 980 "-" "PostmanRuntime/7.28.4"
172.16.0.3 - - [10/Oct/2025:13:58:23 +0000] "PUT /api/products HTTP/1.1" 404 1296 "-" "curl/7.68.0"
192.168.1.10 - - [10/Oct/2025:13:58:24 +0000] "PUT /api/users HTTP/1.1" 400 992 "-" "Mozilla/5.0"
192.168.1.10 - - [10/Oct/2025:13:58:25 +0000] "POST /api/orders HTTP/1.1" 500 919 "-" "Mozilla/5.0"
10.0.0.5 - - [10/Oct/2025:13:58:26 +0000] "POST /api/login HTTP/1.1" 404 393 "-" "Mozilla/5.0"
10.0.0.5 - - [10/Oct/2025:13:58:27 +0000] "POST /health HTTP/1.1" 404 1390 "-" "PostmanRuntime/7.28.4"
127.0.0.1 - - [10/Oct/2025:13:58:28 +0000] "POST /health HTTP/1.1" 404 491 "-" "curl/7.68.0"
192.168.1.10 - - [10/Oct/2025:13:58:29 +0000] "GET /api/products HTTP/1.1" 200 1546 "-" "curl/7.68.0"
127.0.0.1 - - [10/Oct/2025:13:58:30 +0000] "DELETE /api/login HTTP/1.1" 200 673 "-" "kube-probe/1.20"
127.0.0.1 - - [10/Oct/2025:13:58:31 +0000] "GET /health HTTP/1.1" 400 1244 "-" "curl/7.68.0"
172.16.0.3 - - [10/Oct/2025:13:58:32 +0000] "PUT /api/login HTTP/1.1" 404 1892 "-" "PostmanRuntime/7.28.4"
127.0.0.1 - - [10/Oct/2025:13:58:33 +0000] "POST /health HTTP/1.1" 403 1942 "-" "curl/7.68.0"
10.0.0.5 - - [10/Oct/2025:13:58:34 +0000] "GET /api/login HTTP/1.1" 404 1867 "-" "kube-probe/1.20"
10.0.0.5 - - [10/Oct/2025:13:58:35 +0000] "GET /api/orders HTTP/1.1" 401 1754 "-" "kube-probe/1.20"
192.168.1.10 - - [10/Oct/2025:13:58:36 +0000] "POST /api/products HTTP/1.1" 200 1905 "-" "Mozilla/5.0"
172.16.0.3 - - [10/Oct/2025:13:58:37 +0000] "GET /api/login HTTP/1.1" 400 130 "-" "Mozilla/5.0"
127.0.0.1 - - [10/Oct/2025:13:58:38 +0000] "POST /api/products HTTP/1.1" 401 425 "-" "curl/7.68.0"
10.0.0.5 - - [10/Oct/2025:13:58:39 +0000] "POST /api/orders HTTP/1.1" 400 1271 "-" "PostmanRuntime/7.28.4"
10.0.0.5 - - [10/Oct/2025:13:58:40 +0000] "PUT /api/orders HTTP/1.1" 403 1095 "-" "PostmanRuntime/7.28.4"
172.16.0.3 - - [10/Oct/2025:13:58:41 +0000] "DELETE /api/orders HTTP/1.1" 400 396 "-" "PostmanRuntime/7.28.4"
172.16.0.3 - - [10/Oct/2025:13:58:42 +0000] "DELETE /health HTTP/1.1" 404 105 "-" "PostmanRuntime/7.28.4"
192.168.1.10 - - [10/Oct/2025:13:58:43 +0000] "POST /api/login HTTP/1.1" 500 1343 "-" "kube-probe/1.20"
172.16.0.3 - - [10/Oct/2025:13:58:44 +0000] "PUT /api/products HTTP/1.1" 400 1570 "-" "curl/7.68.0"
127.0.0.1 - - [10/Oct/2025:13:58:45 +0000] "GET /api/products HTTP/1.1" 201 877 "-" "PostmanRuntime/7.28.4"
192.168.1.10 - - [10/Oct/2025:13:58:46 +0000] "POST /api/users HTTP/1.1" 403 1365 "-" "kube-probe/1.20"
172.16.0.3 - - [10/Oct/2025:13:58:47 +0000] "DELETE /api/orders HTTP/1.1" 500 1922 "-" "kube-probe/1.20"
192.168.1.10 - - [10/Oct/2025:13:58:48 +0000] "PUT /api/login HTTP/1.1" 200 1308 "-" "curl/7.68.0"
10.0.0.5 - - [10/Oct/2025:13:58:49 +0000] "PUT /api/login HTTP/1.1" 401 1279 "-" "Mozilla/5.0"
172.16.0.3 - - [10/Oct/2025:13:58:50 +0000] "GET /api/login HTTP/1.1" 403 1515 "-" "kube-probe/1.20"
172.16.0.3 - - [10/Oct/2025:13:58:51 +0000] "POST /api/orders HTTP/1.1" 500 350 "-" "PostmanRuntime/7.28.4"
172.16.0.3 - - [10/Oct/2025:13:58:52 +0000] "PUT /api/products HTTP/1.1" 201 1674 "-" "PostmanRuntime/7.28.4"
10.0.0.5 - - [10/Oct/2025:13:58:53 +0000] "DELETE /api/login HTTP/1.1" 400 1500 "-" "curl/7.68.0"
192.168.1.10 - - [10/Oct/2025:13:58:54 +0000] "POST /api/orders HTTP/1.1" 401 100 "-" "curl/7.68.0"
192.168.1.10 - - [10/Oct/2025:13:58:55 +0000] "PUT /api/users HTTP/1.1" 201 1319 "-" "Mozilla/5.0"
127.0.0.1 - - [10/Oct/2025:13:58:56 +0000] "POST /api/products HTTP/1.1" 201 1022 "-" "kube-probe/1.20"
10.0.0.5 - - [10/Oct/2025:13:58:57 +0000] "GET /api/products HTTP/1.1" 401 1340 "-" "PostmanRuntime/7.28.4"
10.0.0.5 - - [10/Oct/2025:13:58:58 +0000] "POST /api/products HTTP/1.1" 500 383 "-" "curl/7.68.0"
10.0.0.5 - - [10/Oct/2025:13:58:59 +0000] "DELETE /api/users HTTP/1.1" 200 942 "-" "kube-probe/1.20"
192.168.1.10 - - [10/Oct/2025:13:59:00 +0000] "PUT /api/products HTTP/1.1" 403 869 "-" "curl/7.68.0"
127.0.0.1 - - [10/Oct/2025:13:59:01 +0000] "GET /api/orders HTTP/1.1" 404 1956 "-" "kube-probe/1.20"
127.0.0.1 - - [10/Oct/2025:13:59:02 +0000] "POST /api/products HTTP/1.1" 400 387 "-" "curl/7.68.0"
10.0.0.5 - - [10/Oct/2025:13:59:03 +0000] "DELETE /api/login HTTP/1.1" 401 125 "-" "Mozilla/5.0"
127.0.0.1 - - [10/Oct/2025:13:59:04 +0000] "POST /health HTTP/1.1" 500 1232 "-" "PostmanRuntime/7.28.4"
192.168.1.10 - - [10/Oct/2025:13:59:05 +0000] "GET /api/login HTTP/1.1" 200 1257 "-" "PostmanRuntime/7.28.4"
10.0.0.5 - - [10/Oct/2025:13:59:06 +0000] "GET /health HTTP/1.1" 401 1674 "-" "kube-probe/1.20"
192.168.1.10 - - [10/Oct/2025:13:59:07 +0000] "DELETE /health HTTP/1.1" 201 1923 "-" "Mozilla/5.0"
192.168.1.10 - - [10/Oct/2025:13:59:08 +0000] "POST /api/orders HTTP/1.1" 401 669 "-" "kube-probe/1.20"
172.16.0.3 - - [10/Oct/2025:13:59:09 +0000] "GET /api/products HTTP/1.1" 400 515 "-" "Mozilla/5.0"
192.168.1.10 - - [10/Oct/2025:13:59:10 +0000] "DELETE /api/orders HTTP/1.1" 201 678 "-" "PostmanRuntime/7.28.4"
172.16.0.3 - - [10/Oct/2025:13:59:11 +0000] "GET /health HTTP/1.1" 500 876 "-" "curl/7.68.0"
192.168.1.10 - - [10/Oct/2025:13:59:12 +0000] "PUT /api/users HTTP/1.1" 500 1023 "-" "curl/7.68.0"
127.0.0.1 - - [10/Oct/2025:13:59:13 +0000] "PUT /api/users HTTP/1.1" 404 614 "-" "Mozilla/5.0"
192.168.1.10 - - [10/Oct/2025:13:59:14 +0000] "DELETE /api/login HTTP/1.1" 200 111 "-" "curl/7.68.0"
192.168.1.10 - - [10/Oct/2025:13:59:15 +0000] "POST /api/login HTTP/1.1" 400 1551 "-" "curl/7.68.0"
192.168.1.10 - - [10/Oct/2025:13:59:16 +0000] "DELETE /api/products HTTP/1.1" 403 431 "-" "PostmanRuntime/7.28.4"
10.0.0.5 - - [10/Oct/2025:13:59:17 +0000] "GET /api/login HTTP/1.1" 500 80 "-" "PostmanRuntime/7.28.4"
172.16.0.3 - - [10/Oct/2025:13:59:18 +0000] "PUT /health HTTP/1.1" 404 907 "-" "kube-probe/1.20"
192.168.1.10 - - [10/Oct/2025:13:59:19 +0000] "GET /api/login HTTP/1.1" 401 255 "-" "Mozilla/5.0"
127.0.0.1 - - [10/Oct/2025:13:59:20 +0000] "GET /api/users HTTP/1.1" 403 885 "-" "curl/7.68.0"
192.168.1.10 - - [10/Oct/2025:13:59:21 +0000] "DELETE /api/users HTTP/1.1" 403 1093 "-" "kube-probe/1.20"
10.0.0.5 - - [10/Oct/2025:13:59:22 +0000] "PUT /health HTTP/1.1" 201 1708 "-" "curl/7.68.0"
10.0.0.5 - - [10/Oct/2025:13:59:23 +0000] "DELETE /api/login HTTP/1.1" 200 135 "-" "curl/7.68.0"
192.168.1.10 - - [10/Oct/2025:13:59:24 +0000] "PUT /api/products HTTP/1.1" 404 1908 "-" "Mozilla/5.0"
172.16.0.3 - - [10/Oct/2025:13:59:25 +0000] "PUT /api/login HTTP/1.1" 404 507 "-" "PostmanRuntime/7.28.4"
172.16.0.3 - - [10/Oct/2025:13:59:26 +0000] "DELETE /api/orders HTTP/1.1" 200 1858 "-" "kube-probe/1.20"
10.0.0.5 - - [10/Oct/2025:13:59:27 +0000] "DELETE /health HTTP/1.1" 200 880 "-" "Mozilla/5.0"
172.16.0.3 - - [10/Oct/2025:13:59:28 +0000] "POST /health HTTP/1.1" 401 1858 "-" "curl/7.68.0"
192.168.1.10 - - [10/Oct/2025:13:59:29 +0000] "DELETE /api/users HTTP/1.1" 403 182 "-" "Mozilla/5.0"
10.0.0.5 - - [10/Oct/2025:13:59:30 +0000] "PUT /api/products HTTP/1.1" 200 1718 "-" "kube-probe/1.20"
192.168.1.10 - - [10/Oct/2025:13:59:31 +0000] "GET /api/users HTTP/1.1" 500 1495 "-" "Mozilla/5.0"
127.0.0.1 - - [10/Oct/2025:13:59:32 +0000] "GET /api/products HTTP/1.1" 500 1199 "-" "PostmanRuntime/7.28.4"
10.0.0.5 - - [10/Oct/2025:13:59:33 +0000] "POST /api/login HTTP/1.1" 400 387 "-" "curl/7.68.0"
172.16.0.3 - - [10/Oct/2025:13:59:34 +0000] "DELETE /health HTTP/1.1" 401 830 "-" "kube-probe/1.20"
127.0.0.1 - - [10/Oct/2025:13:59:35 +0000] "GET /api/orders HTTP/1.1" 200 397 "-" "PostmanRuntime/7.28.4"
192.168.1.10 - - [10/Oct/2025:13:59:36 +0000] "DELETE /api/orders HTTP/1.1" 401 1656 "-" "kube-probe/1.20"
10.0.0.5 - - [10/Oct/2025:13:59:37 +0000] "GET /api/login HTTP/1.1" 404 966 "-" "Mozilla/5.0"
127.0.0.1 - - [10/Oct/2025:13:59:38 +0000] "POST /api/products HTTP/1.1" 403 1502 "-" "curl/7.68.0"
172.16.0.3 - - [10/Oct/2025:13:59:39 +0000] "GET /api/users HTTP/1.1" 500 1598 "-" "curl/7.68.0"
10.0.0.5 - - [10/Oct/2025:13:59:40 +0000] "PUT /api/users HTTP/1.1" 400 514 "-" "curl/7.68.0"
172.16.0.3 - - [10/Oct/2025:13:59:41 +0000] "GET /api/users HTTP/1.1" 403 1316 "-" "curl/7.68.0"
10.0.0.5 - - [10/Oct/2025:13:59:42 +0000] "PUT /api/login HTTP/1.1" 200 1011 "-" "curl/7.68.0"
172.16.0.3 - - [10/Oct/2025:13:59:43 +0000] "PUT /api/products HTTP/1.1" 403 547 "-" "kube-probe/1.20"
192.168.1.10 - - [10/Oct/2025:13:59:44 +0000] "POST /api/products HTTP/1.1" 400 1649 "-" "kube-probe/1.20"
192.168.1.10 - - [10/Oct/2025:13:59:45 +0000] "POST /api/products HTTP/1.1" 201 756 "-" "curl/7.68.0"
192.168.1.10 - - [10/Oct/2025:13:59:46 +0000] "GET /api/login HTTP/1.1" 401 763 "-" "kube-probe/1.20"
127.0.0.1 - - [10/Oct/2025:13:59:47 +0000] "GET /api/orders HTTP/1.1" 201 755 "-" "curl/7.68.0"
10.0.0.5 - - [10/Oct/2025:13:59:48 +0000] "POST /api/users HTTP/1.1" 401 242 "-" "PostmanRuntime/7.28.4"
172.16.0.3 - - [10/Oct/2025:13:59:49 +0000] "PUT /api/orders HTTP/1.1" 200 1892 "-" "Mozilla/5.0"
192.168.1.10 - - [10/Oct/2025:13:59:50 +0000] "DELETE /api/orders HTTP/1.1" 400 1740 "-" "PostmanRuntime/7.28.4"
172.16.0.3 - - [10/Oct/2025:13:59:51 +0000] "POST /api/login HTTP/1.1" 200 1241 "-" "Mozilla/5.0"
172.16.0.3 - - [10/Oct/2025:13:59:52 +0000] "DELETE /api/orders HTTP/1.1" 400 344 "-" "Mozilla/5.0"
127.0.0.1 - - [10/Oct/2025:13:59:53 +0000] "PUT /api/login HTTP/1.1" 500 85 "-" "Mozilla/5.0"
10.0.0.5 - - [10/Oct/2025:13:59:54 +0000] "DELETE /api/login HTTP/1.1" 400 1499 "-" "kube-probe/1.20"
192.168.1.10 - - [10/Oct/2025:13:59:55 +0000] "GET /api/users HTTP/1.1" 401 214 "-" "PostmanRuntime/7.28.4"
172.16.0.3 - - [10/Oct/2025:13:59:56 +0000] "POST /api/orders HTTP/1.1" 201 1751 "-" "Mozilla/5.0"
127.0.0.1 - - [10/Oct/2025:13:59:57 +0000] "PUT /api/login HTTP/1.1" 200 614 "-" "PostmanRuntime/7.28.4"
10.0.0.5 - - [10/Oct/2025:13:59:58 +0000] "GET /api/login HTTP/1.1" 500 1270 "-" "Mozilla/5.0"
172.16.0.3 - - [10/Oct/2025:13:59:59 +0000] "POST /api/orders HTTP/1.1" 400 101 "-" "Mozilla/5.0"
10.0.0.5 - - [10/Oct/2025:14:00:00 +0000] "POST /health HTTP/1.1" 500 1709 "-" "PostmanRuntime/7.28.4"
10.0.0.5 - - [10/Oct/2025:14:00:01 +0000] "DELETE /api/products HTTP/1.1" 400 855 "-" "Mozilla/5.0"
127.0.0.1 - - [10/Oct/2025:14:00:02 +0000] "DELETE /api/users HTTP/1.1" 403 1442 "-" "curl/7.68.0"
172.16.0.3 - - [10/Oct/2025:14:00:03 +0000] "POST /api/users HTTP/1.1" 404 1513 "-" "curl/7.68.0"
127.0.0.1 - - [10/Oct/2025:14:00:04 +0000] "PUT /api/orders HTTP/1.1" 400 124 "-" "curl/7.68.0"
192.168.1.10 - - [10/Oct/2025:14:00:05 +0000] "POST /health HTTP/1.1" 401 307 "-" "curl/7.68.0"
192.168.1.10 - - [10/Oct/2025:14:00:06 +0000] "GET /health HTTP/1.1" 201 1427 "-" "Mozilla/5.0"
172.16.0.3 - - [10/Oct/2025:14:00:07 +0000] "GET /api/users HTTP/1.1" 201 1392 "-" "curl/7.68.0"
127.0.0.1 - - [10/Oct/2025:14:00:08 +0000] "POST /api/orders HTTP/1.1" 404 1297 "-" "curl/7.68.0"
10.0.0.5 - - [10/Oct/2025:14:00:09 +0000] "GET /health HTTP/1.1" 404 1966 "-" "Mozilla/5.0"
10.0.0.5 - - [10/Oct/2025:14:00:10 +0000] "POST /api/products HTTP/1.1" 403 1776 "-" "kube-probe/1.20"
192.168.1.10 - - [10/Oct/2025:14:00:11 +0000] "POST /api/login HTTP/1.1" 201 1024 "-" "Mozilla/5.0"
10.0.0.5 - - [10/Oct/2025:14:00:12 +0000] "POST /api/orders HTTP/1.1" 200 1206 "-" "kube-probe/1.20"
172.16.0.3 - - [10/Oct/2025:14:00:13 +0000] "PUT /health HTTP/1.1" 200 1827 "-" "PostmanRuntime/7.28.4"
172.16.0.3 - - [10/Oct/2025:14:00:14 +0000] "PUT /api/products HTTP/1.1" 201 718 "-" "kube-probe/1.20"
192.168.1.10 - - [10/Oct/2025:14:00:15 +0000] "GET /api/orders HTTP/1.1" 400 471 "-" "kube-probe/1.20"
172.16.0.3 - - [10/Oct/2025:14:00:16 +0000] "PUT /health HTTP/1.1" 400 737 "-" "PostmanRuntime/7.28.4"
10.0.0.5 - - [10/Oct/2025:14:00:17 +0000] "PUT /api/login HTTP/1.1" 404 1171 "-" "Mozilla/5.0"
172.16.0.3 - - [10/Oct/2025:14:00:18 +0000] "PUT /api/orders HTTP/1.1" 201 230 "-" "kube-probe/1.20"
127.0.0.1 - - [10/Oct/2025:14:00:19 +0000] "POST /api/login HTTP/1.1" 403 1990 "-" "Mozilla/5.0"
192.168.1.10 - - [10/Oct/2025:14:00:20 +0000] "PUT /health HTTP/1.1" 400 1044 "-" "Mozilla/5.0"
192.168.1.10 - - [10/Oct/2025:14:00:21 +0000] "PUT /health HTTP/1.1" 404 1196 "-" "PostmanRuntime/7.28.4"
192.168.1.10 - - [10/Oct/2025:14:00:22 +0000] "DELETE /api/orders HTTP/1.1" 404 1360 "-" "curl/7.68.0"
127.0.0.1 - - [10/Oct/2025:14:00:23 +0000] "PUT /health HTTP/1.1" 400 249 "-" "PostmanRuntime/7.28.4"
172.16.0.3 - - [10/Oct/2025:14:00:24 +0000] "PUT /health HTTP/1.1" 400 1490 "-" "curl/7.68.0"
10.0.0.5 - - [10/Oct/2025:14:00:25 +0000] "DELETE /api/users HTTP/1.1" 201 313 "-" "PostmanRuntime/7.28.4"
10.0.0.5 - - [10/Oct/2025:14:00:26 +0000] "DELETE /api/products HTTP/1.1" 404 1811 "-" "PostmanRuntime/7.28.4"
10.0.0.5 - - [10/Oct/2025:14:00:27 +0000] "PUT /api/login HTTP/1.1" 500 1293 "-" "curl/7.68.0"
10.0.0.5 - - [10/Oct/2025:14:00:28 +0000] "GET /api/products HTTP/1.1" 500 1591 "-" "curl/7.68.0"
172.16.0.3 - - [10/Oct/2025:14:00:29 +0000] "GET /health HTTP/1.1" 200 1360 "-" "kube-probe/1.20"
192.168.1.10 - - [10/Oct/2025:14:00:30 +0000] "PUT /api/orders HTTP/1.1" 403 783 "-" "PostmanRuntime/7.28.4"
127.0.0.1 - - [10/Oct/2025:14:00:31 +0000] "POST /api/products HTTP/1.1" 400 573 "-" "kube-probe/1.20"
172.16.0.3 - - [10/Oct/2025:14:00:32 +0000] "PUT /api/orders HTTP/1.1" 200 1569 "-" "PostmanRuntime/7.28.4"
10.0.0.5 - - [10/Oct/2025:14:00:33 +0000] "PUT /api/products HTTP/1.1" 400 1487 "-" "PostmanRuntime/7.28.4"
10.0.0.5 - - [10/Oct/2025:14:00:34 +0000] "DELETE /api/products HTTP/1.1" 404 1711 "-" "kube-probe/1.20"
10.0.0.5 - - [10/Oct/2025:14:00:35 +0000] "DELETE /api/users HTTP/1.1" 404 1014 "-" "PostmanRuntime/7.28.4"
10.0.0.5 - - [10/Oct/2025:14:00:36 +0000] "DELETE /api/users HTTP/1.1" 500 405 "-" "kube-probe/1.20"
192.168.1.10 - - [10/Oct/2025:14:00:37 +0000] "GET /health HTTP/1.1" 400 1809 "-" "curl/7.68.0"
192.168.1.10 - - [10/Oct/2025:14:00:38 +0000] "DELETE /api/users HTTP/1.1" 401 1433 "-" "kube-probe/1.20"
192.168.1.10 - - [10/Oct/2025:14:00:39 +0000] "GET /api/orders HTTP/1.1" 404 1912 "-" "curl/7.68.0"
10.0.0.5 - - [10/Oct/2025:14:00:40 +0000] "PUT /api/products HTTP/1.1" 400 1720 "-" "curl/7.68.0"
127.0.0.1 - - [10/Oct/2025:14:00:41 +0000] "GET /api/login HTTP/1.1" 201 742 "-" "PostmanRuntime/7.28.4"
127.0.0.1 - - [10/Oct/2025:14:00:42 +0000] "DELETE /health HTTP/1.1" 200 455 "-" "Mozilla/5.0"
127.0.0.1 - - [10/Oct/2025:14:00:43 +0000] "DELETE /api/login HTTP/1.1" 201 1427 "-" "PostmanRuntime/7.28.4"
192.168.1.10 - - [10/Oct/2025:14:00:44 +0000] "DELETE /api/login HTTP/1.1" 404 1551 "-" "curl/7.68.0"
172.16.0.3 - - [10/Oct/2025:14:00:45 +0000] "POST /health HTTP/1.1" 201 960 "-" "curl/7.68.0"
192.168.1.10 - - [10/Oct/2025:14:00:46 +0000] "POST /api/orders HTTP/1.1" 404 1396 "-" "Mozilla/5.0"
10.0.0.5 - - [10/Oct/2025:14:00:47 +0000] "GET /api/login HTTP/1.1" 500 1031 "-" "Mozilla/5.0"
172.16.0.3 - - [10/Oct/2025:14:00:48 +0000] "GET /health HTTP/1.1" 500 1044 "-" "kube-probe/1.20"
127.0.0.1 - - [10/Oct/2025:14:00:49 +0000] "POST /api/login HTTP/1.1" 201 1754 "-" "Mozilla/5.0"
172.16.0.3 - - [10/Oct/2025:14:00:50 +0000] "GET /health HTTP/1.1" 403 1346 "-" "curl/7.68.0"
10.0.0.5 - - [10/Oct/2025:14:00:51 +0000] "DELETE /api/login HTTP/1.1" 404 1645 "-" "kube-probe/1.20"
192.168.1.10 - - [10/Oct/2025:14:00:52 +0000] "DELETE /api/users HTTP/1.1" 403 276 "-" "Mozilla/5.0"
10.0.0.5 - - [10/Oct/2025:14:00:53 +0000] "POST /api/orders HTTP/1.1" 201 587 "-" "Mozilla/5.0"
192.168.1.10 - - [10/Oct/2025:14:00:54 +0000] "DELETE /api/users HTTP/1.1" 404 137 "-" "PostmanRuntime/7.28.4"
10.0.0.5 - - [10/Oct/2025:14:00:55 +0000] "GET /api/login HTTP/1.1" 200 1256 "-" "Mozilla/5.0"
192.168.1.10 - - [10/Oct/2025:14:00:56 +0000] "DELETE /api/login HTTP/1.1" 500 117 "-" "Mozilla/5.0"
10.0.0.5 - - [10/Oct/2025:14:00:57 +0000] "GET /api/orders HTTP/1.1" 200 1324 "-" "PostmanRuntime/7.28.4"
192.168.1.10 - - [10/Oct/2025:14:00:58 +0000] "GET /health HTTP/1.1" 400 194 "-" "curl/7.68.0"
192.168.1.10 - - [10/Oct/2025:14:00:59 +0000] "PUT /api/users HTTP/1.1" 404 1338 "-" "PostmanRuntime/7.28.4"
172.16.0.3 - - [10/Oct/2025:14:01:00 +0000] "DELETE /health HTTP/1.1" 403 1925 "-" "PostmanRuntime/7.28.4"
192.168.1.10 - - [10/Oct/2025:14:01:01 +0000] "GET /api/products HTTP/1.1" 401 1637 "-" "curl/7.68.0"
192.168.1.10 - - [10/Oct/2025:14:01:02 +0000] "PUT /api/login HTTP/1.1" 401 513 "-" "Mozilla/5.0"
10.0.0.5 - - [10/Oct/2025:14:01:03 +0000] "GET /api/login HTTP/1.1" 403 1053 "-" "PostmanRuntime/7.28.4"
127.0.0.1 - - [10/Oct/2025:14:01:04 +0000] "GET /api/login HTTP/1.1" 401 1632 "-" "kube-probe/1.20"
127.0.0.1 - - [10/Oct/2025:14:01:05 +0000] "GET /api/products HTTP/1.1" 201 1189 "-" "PostmanRuntime/7.28.4"
10.0.0.5 - - [10/Oct/2025:14:01:06 +0000] "POST /health HTTP/1.1" 401 798 "-" "PostmanRuntime/7.28.4"
192.168.1.10 - - [10/Oct/2025:14:01:07 +0000] "POST /api/products HTTP/1.1" 400 1495 "-" "curl/7.68.0"
10.0.0.5 - - [10/Oct/2025:14:01:08 +0000] "POST /api/orders HTTP/1.1" 200 1059 "-" "kube-probe/1.20"
127.0.0.1 - - [10/Oct/2025:14:01:09 +0000] "POST /health HTTP/1.1" 500 1632 "-" "PostmanRuntime/7.28.4"
127.0.0.1 - - [10/Oct/2025:14:01:10 +0000] "PUT /api/orders HTTP/1.1" 200 1233 "-" "Mozilla/5.0"
172.16.0.3 - - [10/Oct/2025:14:01:11 +0000] "DELETE /api/orders HTTP/1.1" 401 1669 "-" "kube-probe/1.20"
127.0.0.1 - - [10/Oct/2025:14:01:12 +0000] "PUT /health HTTP/1.1" 200 1468 "-" "Mozilla/5.0"
192.168.1.10 - - [10/Oct/2025:14:01:13 +0000] "POST /api/login HTTP/1.1" 400 424 "-" "Mozilla/5.0"
10.0.0.5 - - [10/Oct/2025:14:01:14 +0000] "POST /api/users HTTP/1.1" 404 965 "-" "PostmanRuntime/7.28.4"
172.16.0.3 - - [10/Oct/2025:14:01:15 +0000] "POST /api/orders HTTP/1.1" 403 104 "-" "PostmanRuntime/7.28.4"
10.0.0.5 - - [10/Oct/2025:14:01:16 +0000] "GET /api/orders HTTP/1.1" 201 1711 "-" "PostmanRuntime/7.28.4"
172.16.0.3 - - [10/Oct/2025:14:01:17 +0000] "PUT /api/orders HTTP/1.1" 201 350 "-" "PostmanRuntime/7.28.4"
192.168.1.10 - - [10/Oct/2025:14:01:18 +0000] "POST /api/products HTTP/1.1" 200 250 "-" "Mozilla/5.0"
172.16.0.3 - - [10/Oct/2025:14:01:19 +0000] "GET /api/users HTTP/1.1" 401 224 "-" "curl/7.68.0"
172.16.0.3 - - [10/Oct/2025:14:01:20 +0000] "PUT /api/login HTTP/1.1" 500 1638 "-" "curl/7.68.0"
10.0.0.5 - - [10/Oct/2025:14:01:21 +0000] "DELETE /api/products HTTP/1.1" 200 72 "-" "Mozilla/5.0"
172.16.0.3 - - [10/Oct/2025:14:01:22 +0000] "GET /api/login HTTP/1.1" 400 1712 "-" "kube-probe/1.20"
127.0.0.1 - - [10/Oct/2025:14:01:23 +0000] "PUT /api/products HTTP/1.1" 200 691 "-" "curl/7.68.0"
192.168.1.10 - - [10/Oct/2025:14:01:24 +0000] "PUT /api/orders HTTP/1.1" 201 420 "-" "PostmanRuntime/7.28.4"
10.0.0.5 - - [10/Oct/2025:14:01:25 +0000] "GET /api/orders HTTP/1.1" 404 180 "-" "curl/7.68.0"
127.0.0.1 - - [10/Oct/2025:14:01:26 +0000] "POST /api/users HTTP/1.1" 200 1790 "-" "kube-probe/1.20"
192.168.1.10 - - [10/Oct/2025:14:01:27 +0000] "GET /health HTTP/1.1" 401 758 "-" "Mozilla/5.0"
127.0.0.1 - - [10/Oct/2025:14:01:28 +0000] "GET /health HTTP/1.1" 403 1558 "-" "PostmanRuntime/7.28.4"
127.0.0.1 - - [10/Oct/2025:14:01:29 +0000] "POST /api/login HTTP/1.1" 403 311 "-" "kube-probe/1.20"
192.168.1.10 - - [10/Oct/2025:14:01:30 +0000] "PUT /api/orders HTTP/1.1" 400 1487 "-" "kube-probe/1.20"
127.0.0.1 - - [10/Oct/2025:14:01:31 +0000] "GET /health HTTP/1.1" 400 211 "-" "curl/7.68.0"
127.0.0.1 - - [10/Oct/2025:14:01:32 +0000] "POST /health HTTP/1.1" 403 1305 "-" "PostmanRuntime/7.28.4"
127.0.0.1 - - [10/Oct/2025:14:01:33 +0000] "PUT /api/login HTTP/1.1" 500 1637 "-" "curl/7.68.0"
10.0.0.5 - - [10/Oct/2025:14:01:34 +0000] "POST /api/users HTTP/1.1" 401 1633 "-" "PostmanRuntime/7.28.4"
172.16.0.3 - - [10/Oct/2025:14:01:35 +0000] "GET /api/products HTTP/1.1" 404 598 "-" "Mozilla/5.0"
127.0.0.1 - - [10/Oct/2025:14:01:36 +0000] "DELETE /api/orders HTTP/1.1" 500 1983 "-" "Mozilla/5.0"
172.16.0.3 - - [10/Oct/2025:14:01:37 +0000] "PUT /api/login HTTP/1.1" 200 460 "-" "Mozilla/5.0"
127.0.0.1 - - [10/Oct/2025:14:01:38 +0000] "POST /api/login HTTP/1.1" 400 229 "-" "Mozilla/5.0"
10.0.0.5 - - [10/Oct/2025:14:01:39 +0000] "PUT /api/users HTTP/1.1" 404 962 "-" "kube-probe/1.20"
