172.16.0.3 - - [10/Oct/2025:13:58:14 +0000] "DELETE /api/users HTTP/1.1" 404 913 "-" "curl/7.68.0"
127.0.0.1 - - [10/Oct/2025:13:58:15 +0000] "PUT /health HTTP/1.1" 401 358 "-" "Mozilla/5.0"
172.16.0.3 - - [10/Oct/2025:13:58:16 +0000] "DELETE /api/login HTTP/1.1" 404 1165 "-" "kube-probe/1.20"
127.0.0.1 - - [10/Oct/2025:13:58:17 +0000] "PUT /api/orders HTTP/1.1" 500 346 "-" "Mozilla/5.0"
127.0.0.1 - - [10/Oct/2025:13:58:18 +0000] "DELETE /api/login HTTP/1.1" 401 926 "-" "kube-probe/1.20"
127.0.0.1 - - [10/Oct/2025:13:58:19 +0000] "POST /api/users HTTP/1.1" 404 969 "-" "Mozilla/5.0"
172.16.0.3 - - [10/Oct/2025:13:58:20 +0000] "POST /api/users HTTP/1.1" 403 1743 "-" "PostmanRuntime/7.28.4"
127.0.0.1 - - [10/Oct/2025:13:58:21 +0000] "GET /health HTTP/1.1" 400 490 "-" "kube-probe/1.20"
127.0.0.1 - - [10/Oct/2025:13:58:22 +0000] "GET /health HTTP/1.1" 500 1868 "-" "curl/7.68.0"
192.168.1.10 - - [10/Oct/2025:13:58:23 +0000] "POST /api/orders HTTP/1.1" 403 1789 "-" "curl/7.68.0"
10.0.0.5 - - [10/Oct/2025:13:58:24 +0000] "DELETE /health HTTP/1.1" 401 1304 "-" "curl/7.68.0"
10.0.0.5 - - [10/Oct/2025:13:58:25 +0000] "DELETE /health HTTP/1.1" 404 456 "-" "curl/7.68.0"
10.0.0.5 - - [10/Oct/2025:13:58:26 +0000] "GET /api/products HTTP/1.1" 401 1399 "-" "PostmanRuntime/7.28.4"
10.0.0.5 - - [10/Oct/2025:13:58:27 +0000] "GET /health HTTP/1.1" 200 1268 "-" "Mozilla/5.0"
172.16.0.3 - - [10/Oct/2025:13:58:28 +0000] "POST /api/login HTTP/1.1" 401 1732 "-" "Mozilla/5.0"
127.0.0.1 - - [10/Oct/2025:13:58:29 +0000] "GET /api/products HTTP/1.1" 403 1922 "-" "Mozilla/5.0"
10.0.0.5 - - [10/Oct/2025:13:58:30 +0000] "DELETE /api/products HTTP/1.1" 403 1650 "-" "curl/7.68.0"
127.0.0.1 - - [10/Oct/2025:13:58:31 +0000] "POST /api/users HTTP/1.1" 400 246 "-" "PostmanRuntime/7.28.4"
192.168.1.10 - - [10/Oct/2025:13:58:32 +0000] "PUT /api/orders HTTP/1.1" 200 637 "-" "PostmanRuntime/7.28.4"
10.0.0.5 - - [10/Oct/2025:13:58:33 +0000] "PUT /api/users HTTP/1.1" 500 515 "-" "PostmanRuntime/7.28.4"
10.0.0.5 - - [10/Oct/2025:13:58:34 +0000] "POST /api/products HTTP/1.1" 403 633 "-" "PostmanRuntime/7.28.4"
10.0.0.5 - - [10/Oct/2025:13:58:35 +0000] "DELETE /api/products HTTP/1.1" 401 1798 "-" "Mozilla/5.0"
127.0.0.1 - - [10/Oct/2025:13:58:36 +0000] "DELETE /api/users HTTP/1.1" 400 1883 "-" "Mozilla/5.0"
10.0.0.5 - - [10/Oct/2025:13:58:37 +0000] "DELETE /api/products HTTP/1.1" 404 1018 "-" "kube-probe/1.20"
127.0.0.1 - - [10/Oct/2025:13:58:38 +0000] "POST /api/login HTTP/1.1" 400 653 "-" "curl/7.68.0"
10.0.0.5 - - [10/Oct/2025:13:58:39 +0000] "DELETE /api/users HTTP/1.1" 201 393 "-" "curl/7.68.0"
10.0.0.5 - - [10/Oct/2025:13:58:40 +0000] "DELETE /api/login HTTP/1.1" 403 1819 "-" "Mozilla/5.0"
172.16.0.3 - - [10/Oct/2025:13:58:41 +0000] "GET /api/products HTTP/1.1" 500 1567 "-" "curl/7.68.0"
192.168.1.10 - - [10/Oct/2025:13:58:42 +0000] "POST /api/login HTTP/1.1" 400 419 "-" "kube-probe/1.20"
10.0.0.5 - - [10/Oct/2025:13:58:43 +0000] "DELETE /api/users HTTP/1.1" 401 349 "-" "PostmanRuntime/7.28.4"
10.0.0.5 - - [10/Oct/2025:13:58:44 +0000] "POST /api/orders HTTP/1.1" 403 1844 "-" "curl/7.68.0"
127.0.0.1 - - [10/Oct/2025:13:58:45 +0000] "PUT /api/login HTTP/1.1" 401 1877 "-" "kube-probe/1.20"
127.0.0.1 - - [10/Oct/2025:13:58:46 +0000] "DELETE /api/login HTTP/1.1" 400 1379 "-" "PostmanRuntime/7.28.4"
127.0.0.1 - - [10/Oct/2025:13:58:47 +0000] "DELETE /api/users HTTP/1.1" 201 1500 "-" "kube-probe/1.20"
10.0.0.5 - - [10/Oct/2025:13:58:48 +0000] "PUT /api/users HTTP/1.1" 500 868 "-" "PostmanRuntime/7.28.4"
127.0.0.1 - - [10/Oct/2025:13:58:49 +0000] "DELETE /health HTTP/1.1" 401 1741 "-" "Mozilla/5.0"
172.16.0.3 - - [10/Oct/2025:13:58:50 +0000] "DELETE /api/orders HTTP/1.1" 400 317 "-" "Mozilla/5.0"
172.16.0.3 - - [10/Oct/2025:13:58:51 +0000] "POST /health HTTP/1.1" 200 675 "-" "PostmanRuntime/7.28.4"
172.16.0.3 - - [10/Oct/2025:13:58:52 +0000] "PUT /api/products HTTP/1.1" 201 502 "-" "kube-probe/1.20"
192.168.1.10 - - [10/Oct/2025:13:58:53 +0000] "DELETE /api/orders HTTP/1.1" 200 421 "-" "curl/7.68.0"
192.168.1.10 - - [10/Oct/2025:13:58:54 +0000] "PUT /api/orders HTTP/1.1" 401 1193 "-" "Mozilla/5.0"
172.16.0.3 - - [10/Oct/2025:13:58:55 +0000] "DELETE /health HTTP/1.1" 200 1176 "-" "kube-probe/1.20"
127.0.0.1 - - [10/Oct/2025:13:58:56 +0000] "PUT /health HTTP/1.1" 500 933 "-" "Mozilla/5.0"
192.168.1.10 - - [10/Oct/2025:13:58:57 +0000] "PUT /api/users HTTP/1.1" 500 1001 "-" "kube-probe/1.20"
10.0.0.5 - - [10/Oct/2025:13:58:58 +0000] "PUT /api/orders HTTP/1.1" 201 1302 "-" "kube-probe/1.20"
172.16.0.3 - - [10/Oct/2025:13:58:59 +0000] "POST /api/products HTTP/1.1" 404 1069 "-" "PostmanRuntime/7.28.4"
172.16.0.3 - - [10/Oct/2025:13:59:00 +0000] "GET /health HTTP/1.1" 400 617 "-" "curl/7.68.0"
10.0.0.5 - - [10/Oct/2025:13:59:01 +0000] "POST /api/orders HTTP/1.1" 200 574 "-" "kube-probe/1.20"
192.168.1.10 - - [10/Oct/2025:13:59:02 +0000] "GET /health HTTP/1.1" 500 1288 "-" "PostmanRuntime/7.28.4"
10.0.0.5 - - [10/Oct/2025:13:59:03 +0000] "GET /api/users HTTP/1.1" 401 1692 "-" "curl/7.68.0"
10.0.0.5 - - [10/Oct/2025:13:59:04 +0000] "POST /api/orders HTTP/1.1" 201 726 "-" "PostmanRuntime/7.28.4"
192.168.1.10 - - [10/Oct/2025:13:59:05 +0000] "GET /api/orders HTTP/1.1" 400 471 "-" "PostmanRuntime/7.28.4"
192.168.1.10 - - [10/Oct/2025:13:59:06 +0000] "DELETE /api/orders HTTP/1.1" 201 1135 "-" "curl/7.68.0"
10.0.0.5 - - [10/Oct/2025:13:59:07 +0000] "DELETE /api/login HTTP/1.1" 201 673 "-" "kube-probe/1.20"
10.0.0.5 - - [10/Oct/2025:13:59:08 +0000] "GET /api/users HTTP/1.1" 404 939 "-" "PostmanRuntime/7.28.4"
10.0.0.5 - - [10/Oct/2025:13:59:09 +0000] "POST /api/orders HTTP/1.1" 404 976 "-" "kube-probe/1.20"
10.0.0.5 - - [10/Oct/2025:13:59:10 +0000] "PUT /api/login HTTP/1.1" 500 877 "-" "curl/7.68.0"
172.16.0.3 - - [10/Oct/2025:13:59:11 +0000] "GET /api/users HTTP/1.1" 400 1792 "-" "kube-probe/1.20"
127.0.0.1 - - [10/Oct/2025:13:59:12 +0000] "POST /api/orders HTTP/1.1" 200 816 "-" "Mozilla/5.0"
127.0.0.1 - - [10/Oct/2025:13:59:13 +0000] "DELETE /api/users HTTP/1.1" 201 1416 "-" "PostmanRuntime/7.28.4"
10.0.0.5 - - [10/Oct/2025:13:59:14 +0000] "GET /api/login HTTP/1.1" 401 302 "-" "curl/7.68.0"
10.0.0.5 - - [10/Oct/2025:13:59:15 +0000] "GET /api/users HTTP/1.1" 404 570 "-" "Mozilla/5.0"
10.0.0.5 - - [10/Oct/2025:13:59:16 +0000] "PUT /api/products HTTP/1.1" 404 66 "-" "curl/7.68.0"
192.168.1.10 - - [10/Oct/2025:13:59:17 +0000] "PUT /api/products HTTP/1.1" 200 1271 "-" "PostmanRuntime/7.28.4"
127.0.0.1 - - [10/Oct/2025:13:59:18 +0000] "DELETE /api/orders HTTP/1.1" 500 1343 "-" "kube-probe/1.20"
192.168.1.10 - - [10/Oct/2025:13:59:19 +0000] "PUT /api/users HTTP/1.1" 400 1951 "-" "kube-probe/1.20"
127.0.0.1 - - [10/Oct/2025:13:59:20 +0000] "DELETE /api/login HTTP/1.1" 500 109 "-" "Mozilla/5.0"
172.16.0.3 - - [10/Oct/2025:13:59:21 +0000] "DELETE /api/login HTTP/1.1" 401 936 "-" "curl/7.68.0"
192.168.1.10 - - [10/Oct/2025:13:59:22 +0000] "PUT /api/products HTTP/1.1" 404 1524 "-" "curl/7.68.0"
192.168.1.10 - - [10/Oct/2025:13:59:23 +0000] "DELETE /health HTTP/1.1" 200 729 "-" "Mozilla/5.0"
127.0.0.1 - - [10/Oct/2025:13:59:24 +0000] "GET /api/products HTTP/1.1" 200 445 "-" "curl/7.68.0"
172.16.0.3 - - [10/Oct/2025:13:59:25 +0000] "GET /api/users HTTP/1.1" 404 915 "-" "curl/7.68.0"
172.16.0.3 - - [10/Oct/2025:13:59:26 +0000] "POST /health HTTP/1.1" 200 1497 "-" "PostmanRuntime/7.28.4"
10.0.0.5 - - [10/Oct/2025:13:59:27 +0000] "DELETE /api/products HTTP/1.1" 201 225 "-" "curl/7.68.0"
192.168.1.10 - - [10/Oct/2025:13:59:28 +0000] "DELETE /api/orders HTTP/1.1" 201 914 "-" "PostmanRuntime/7.28.4"
127.0.0.1 - - [10/Oct/2025:13:59:29 +0000] "POST /health HTTP/1.1" 200 122 "-" "curl/7.68.0"
10.0.0.5 - - [10/Oct/2025:13:59:30 +0000] "PUT /api/users HTTP/1.1" 200 1202 "-" "Mozilla/5.0"
127.0.0.1 - - [10/Oct/2025:13:59:31 +0000] "PUT /api/products HTTP/1.1" 201 1284 "-" "Mozilla/5.0"
127.0.0.1 - - [10/Oct/2025:13:59:32 +0000] "PUT /health HTTP/1.1" 200 1609 "-" "kube-probe/1.20"
172.16.0.3 - - [10/Oct/2025:13:59:33 +0000] "PUT /health HTTP/1.1" 200 1657 "-" "curl/7.68.0"
10.0.0.5 - - [10/Oct/2025:13:59:34 +0000] "DELETE /api/login HTTP/1.1" 200 1974 "-" "kube-probe/1.20"
192.168.1.10 - - [10/Oct/2025:13:59:35 +0000] "GET /api/orders HTTP/1.1" 403 673 "-" "curl/7.68.0"
127.0.0.1 - - [10/Oct/2025:13:59:36 +0000] "GET /api/products HTTP/1.1" 404 858 "-" "curl/7.68.0"
192.168.1.10 - - [10/Oct/2025:13:59:37 +0000] "DELETE /health HTTP/1.1" 201 1303 "-" "Mozilla/5.0"
172.16.0.3 - - [10/Oct/2025:13:59:38 +0000] "DELETE /api/users HTTP/1.1" 200 118 "-" "kube-probe/1.20"
192.168.1.10 - - [10/Oct/2025:13:59:39 +0000] "POST /api/users HTTP/1.1" 403 1096 "-" "Mozilla/5.0"
192.168.1.10 - - [10/Oct/2025:13:59:40 +0000] "PUT /api/login HTTP/1.1" 200 1451 "-" "curl/7.68.0"
192.168.1.10 - - [10/Oct/2025:13:59:41 +0000] "POST /api/login HTTP/1.1" 200 434 "-" "PostmanRuntime/7.28.4"
172.16.0.3 - - [10/Oct/2025:13:59:42 +0000] "POST /health HTTP/1.1" 500 310 "-" "kube-probe/1.20"
10.0.0.5 - - [10/Oct/2025:13:59:43 +0000] "GET /api/orders HTTP/1.1" 200 450 "-" "PostmanRuntime/7.28.4"
172.16.0.3 - - [10/Oct/2025:13:59:44 +0000] "POST /api/users HTTP/1.1" 400 1208 "-" "PostmanRuntime/7.28.4"
10.0.0.5 - - [10/Oct/2025:13:59:45 +0000] "POST /api/login HTTP/1.1" 200 981 "-" "curl/7.68.0"
172.16.0.3 - - [10/Oct/2025:13:59:46 +0000] "PUT /api/orders HTTP/1.1" 403 1089 "-" "kube-probe/1.20"
172.16.0.3 - - [10/Oct/2025:13:59:47 +0000] "POST /api/users HTTP/1.1" 401 1311 "-" "Mozilla/5.0"
172.16.0.3 - - [10/Oct/2025:13:59:48 +0000] "DELETE /api/products HTTP/1.1" 201 140 "-" "curl/7.68.0"
10.0.0.5 - - [10/Oct/2025:13:59:49 +0000] "DELETE /api/orders HTTP/1.1" 200 466 "-" "curl/7.68.0"
172.16.0.3 - - [10/Oct/2025:13:59:50 +0000] "GET /health HTTP/1.1" 400 193 "-" "PostmanRuntime/7.28.4"
127.0.0.1 - - [10/Oct/2025:13:59:51 +0000] "DELETE /health HTTP/1.1" 404 797 "-" "kube-probe/1.20"
127.0.0.1 - - [10/Oct/2025:13:59:52 +0000] "GET /health HTTP/1.1" 200 720 "-" "PostmanRuntime/7.28.4"
192.168.1.10 - - [10/Oct/2025:13:59:53 +0000] "DELETE /api/login HTTP/1.1" 404 802 "-" "PostmanRuntime/7.28.4"
10.0.0.5 - - [10/Oct/2025:13:59:54 +0000] "POST /health HTTP/1.1" 201 1274 "-" "Mozilla/5.0"
127.0.0.1 - - [10/Oct/2025:13:59:55 +0000] "PUT /api/products HTTP/1.1" 404 1355 "-" "Mozilla/5.0"
172.16.0.3 - - [10/Oct/2025:13:59:56 +0000] "POST /api/orders HTTP/1.1" 403 591 "-" "PostmanRuntime/7.28.4"
127.0.0.1 - - [10/Oct/2025:13:59:57 +0000] "DELETE /api/users HTTP/1.1" 201 1275 "-" "PostmanRuntime/7.28.4"
192.168.1.10 - - [10/Oct/2025:13:59:58 +0000] "PUT /health HTTP/1.1" 404 1976 "-" "curl/7.68.0"
10.0.0.5 - - [10/Oct/2025:13:59:59 +0000] "GET /api/users HTTP/1.1" 401 372 "-" "kube-probe/1.20"
10.0.0.5 - - [10/Oct/2025:14:00:00 +0000] "POST /api/orders HTTP/1.1" 200 1271 "-" "curl/7.68.0"
10.0.0.5 - - [10/Oct/2025:14:00:01 +0000] "PUT /health HTTP/1.1" 201 94 "-" "Mozilla/5.0"
192.168.1.10 - - [10/Oct/2025:14:00:02 +0000] "DELETE /api/users HTTP/1.1" 404 1617 "-" "Mozilla/5.0"
172.16.0.3 - - [10/Oct/2025:14:00:03 +0000] "POST /api/login HTTP/1.1" 401 1770 "-" "Mozilla/5.0"
127.0.0.1 - - [10/Oct/2025:14:00:04 +0000] "PUT /api/orders HTTP/1.1" 400 943 "-" "kube-probe/1.20"
192.168.1.10 - - [10/Oct/2025:14:00:05 +0000] "POST /api/products HTTP/1.1" 401 1775 "-" "kube-probe/1.20"
192.168.1.10 - - [10/Oct/2025:14:00:06 +0000] "DELETE /api/orders HTTP/1.1" 200 1337 "-" "PostmanRuntime/7.28.4"
10.0.0.5 - - [10/Oct/2025:14:00:07 +0000] "PUT /api/orders HTTP/1.1" 403 1629 "-" "Mozilla/5.0"
192.168.1.10 - - [10/Oct/2025:14:00:08 +0000] "GET /api/login HTTP/1.1" 403 689 "-" "curl/7.68.0"
172.16.0.3 - - [10/Oct/2025:14:00:09 +0000] "DELETE /api/products HTTP/1.1" 404 822 "-" "curl/7.68.0"
10.0.0.5 - - [10/Oct/2025:14:00:10 +0000] "PUT /api/users HTTP/1.1" 401 1079 "-" "Mozilla/5.0"
10.0.0.5 - - [10/Oct/2025:14:00:11 +0000] "PUT /api/login HTTP/1.1" 201 520 "-" "PostmanRuntime/7.28.4"
127.0.0.1 - - [10/Oct/2025:14:00:12 +0000] "POST /health HTTP/1.1" 201 61 "-" "Mozilla/5.0"
172.16.0.3 - - [10/Oct/2025:14:00:13 +0000] "DELETE /api/products HTTP/1.1" 404 572 "-" "kube-probe/1.20"
127.0.0.1 - - [10/Oct/2025:14:00:14 +0000] "GET /api/orders HTTP/1.1" 201 1229 "-" "Mozilla/5.0"
127.0.0.1 - - [10/Oct/2025:14:00:15 +0000] "PUT /api/login HTTP/1.1" 500 919 "-" "Mozilla/5.0"
192.168.1.10 - - [10/Oct/2025:14:00:16 +0000] "PUT /api/orders HTTP/1.1" 403 522 "-" "Mozilla/5.0"
10.0.0.5 - - [10/Oct/2025:14:00:17 +0000] "POST /api/login HTTP/1.1" 404 789 "-" "Mozilla/5.0"
172.16.0.3 - - [10/Oct/2025:14:00:18 +0000] "DELETE /api/products HTTP/1.1" 401 718 "-" "PostmanRuntime/7.28.4"
172.16.0.3 - - [10/Oct/2025:14:00:19 +0000] "PUT /api/login HTTP/1.1" 404 1850 "-" "kube-probe/1.20"
172.16.0.3 - - [10/Oct/2025:14:00:20 +0000] "GET /api/login HTTP/1.1" 400 359 "-" "kube-probe/1.20"
172.16.0.3 - - [10/Oct/2025:14:00:21 +0000] "GET /api/products HTTP/1.1" 200 468 "-" "curl/7.68.0"
10.0.0.5 - - [10/Oct/2025:14:00:22 +0000] "DELETE /api/orders HTTP/1.1" 400 192 "-" "curl/7.68.0"
192.168.1.10 - - [10/Oct/2025:14:00:23 +0000] "GET /api/login HTTP/1.1" 500 1534 "-" "Mozilla/5.0"
172.16.0.3 - - [10/Oct/2025:14:00:24 +0000] "DELETE /api/login HTTP/1.1" 500 145 "-" "curl/7.68.0"
127.0.0.1 - - [10/Oct/2025:14:00:25 +0000] "GET /api/login HTTP/1.1" 404 627 "-" "kube-probe/1.20"
127.0.0.1 - - [10/Oct/2025:14:00:26 +0000] "DELETE /health HTTP/1.1" 400 921 "-" "curl/7.68.0"
127.0.0.1 - - [10/Oct/2025:14:00:27 +0000] "GET /api/products HTTP/1.1" 201 224 "-" "curl/7.68.0"
172.16.0.3 - - [10/Oct/2025:14:00:28 +0000] "DELETE /health HTTP/1.1" 401 1814 "-" "PostmanRuntime/7.28.4"
10.0.0.5 - - [10/Oct/2025:14:00:29 +0000] "GET /api/products HTTP/1.1" 201 1112 "-" "curl/7.68.0"
192.168.1.10 - - [10/Oct/2025:14:00:30 +0000] "GET /health HTTP/1.1" 500 1401 "-" "kube-probe/1.20"
192.168.1.10 - - [10/Oct/2025:14:00:31 +0000] "POST /api/users HTTP/1.1" 200 1532 "-" "kube-probe/1.20"
172.16.0.3 - - [10/Oct/2025:14:00:32 +0000] "PUT /api/users HTTP/1.1" 403 1769 "-" "Mozilla/5.0"
172.16.0.3 - - [10/Oct/2025:14:00:33 +0000] "GET /api/orders HTTP/1.1" 201 1948 "-" "PostmanRuntime/7.28.4"
127.0.0.1 - - [10/Oct/2025:14:00:34 +0000] "GET /health HTTP/1.1" 403 1172 "-" "curl/7.68.0"
10.0.0.5 - - [10/Oct/2025:14:00:35 +0000] "GET /health HTTP/1.1" 403 216 "-" "PostmanRuntime/7.28.4"
10.0.0.5 - - [10/Oct/2025:14:00:36 +0000] "PUT /api/orders HTTP/1.1" 201 1896 "-" "kube-probe/1.20"
172.16.0.3 - - [10/Oct/2025:14:00:37 +0000] "PUT /api/login HTTP/1.1" 500 1101 "-" "Mozilla/5.0"
127.0.0.1 - - [10/Oct/2025:14:00:38 +0000] "GET /api/orders HTTP/1.1" 400 1330 "-" "kube-probe/1.20"
10.0.0.5 - - [10/Oct/2025:14:00:39 +0000] "DELETE /api/products HTTP/1.1" 500 1747 "-" "Mozilla/5.0"
192.168.1.10 - - [10/Oct/2025:14:00:40 +0000] "POST /api/orders HTTP/1.1" 404 1290 "-" "PostmanRuntime/7.28.4"
10.0.0.5 - - [10/Oct/2025:14:00:41 +0000] "POST /api/products HTTP/1.1" 403 214 "-" "curl/7.68.0"
172.16.0.3 - - [10/Oct/2025:14:00:42 +0000] "DELETE /health HTTP/1.1" 400 351 "-" "Mozilla/5.0"
10.0.0.5 - - [10/Oct/2025:14:00:43 +0000] "DELETE /health HTTP/1.1" 500 1101 "-" "curl/7.68.0"
172.16.0.3 - - [10/Oct/2025:14:00:44 +0000] "PUT /api/orders HTTP/1.1" 201 1308 "-" "curl/7.68.0"
127.0.0.1 - - [10/Oct/2025:14:00:45 +0000] "GET /api/login HTTP/1.1" 404 212 "-" "PostmanRuntime/7.28.4"
10.0.0.5 - - [10/Oct/2025:14:00:46 +0000] "PUT /api/orders HTTP/1.1" 404 1782 "-" "kube-probe/1.20"
127.0.0.1 - - [10/Oct/2025:14:00:47 +0000] "DELETE /api/users HTTP/1.1" 401 1511 "-" "Mozilla/5.0"
172.16.0.3 - - [10/Oct/2025:14:00:48 +0000] "GET /api/login HTTP/1.1" 500 1663 "-" "PostmanRuntime/7.28.4"
192.168.1.10 - - [10/Oct/2025:14:00:49 +0000] "DELETE /api/login HTTP/1.1" 201 214 "-" "PostmanRuntime/7.28.4"
172.16.0.3 - - [10/Oct/2025:14:00:50 +0000] "GET /api/orders HTTP/1.1" 404 957 "-" "PostmanRuntime/7.28.4"
192.168.1.10 - - [10/Oct/2025:14:00:51 +0000] "PUT /api/login HTTP/1.1" 403 861 "-" "PostmanRuntime/7.28.4"
10.0.0.5 - - [10/Oct/2025:14:00:52 +0000] "POST /api/products HTTP/1.1" 404 1935 "-" "PostmanRuntime/7.28.4"
10.0.0.5 - - [10/Oct/2025:14:00:53 +0000] "PUT /api/login HTTP/1.1" 201 1550 "-" "curl/7.68.0"
127.0.0.1 - - [10/Oct/2025:14:00:54 +0000] "PUT /api/products HTTP/1.1" 401 514 "-" "Mozilla/5.0"
172.16.0.3 - - [10/Oct/2025:14:00:55 +0000] "DELETE /api/orders HTTP/1.1" 403 1711 "-" "curl/7.68.0"
127.0.0.1 - - [10/Oct/2025:14:00:56 +0000] "PUT /api/users HTTP/1.1" 200 1675 "-" "kube-probe/1.20"
172.16.0.3 - - [10/Oct/2025:14:00:57 +0000] "PUT /api/orders HTTP/1.1" 200 436 "-" "Mozilla/5.0"
172.16.0.3 - - [10/Oct/2025:14:00:58 +0000] "POST /api/users HTTP/1.1" 403 947 "-" "kube-probe/1.20"
127.0.0.1 - - [10/Oct/2025:14:00:59 +0000] "POST /api/login HTTP/1.1" 500 1563 "-" "kube-probe/1.20"
10.0.0.5 - - [10/Oct/2025:14:01:00 +0000] "PUT /health HTTP/1.1" 400 581 "-" "curl/7.68.0"
10.0.0.5 - - [10/Oct/2025:14:01:01 +0000] "GET /api/orders HTTP/1.1" 404 1654 "-" "Mozilla/5.0"
192.168.1.10 - - [10/Oct/2025:14:01:02 +0000] "GET /api/login HTTP/1.1" 400 431 "-" "Mozilla/5.0"
127.0.0.1 - - [10/Oct/2025:14:01:03 +0000] "PUT /api/products HTTP/1.1" 404 1383 "-" "kube-probe/1.20"
127.0.0.1 - - [10/Oct/2025:14:01:04 +0000] "GET /health HTTP/1.1" 403 1277 "-" "Mozilla/5.0"
10.0.0.5 - - [10/Oct/2025:14:01:05 +0000] "DELETE /api/products HTTP/1.1" 404 1760 "-" "curl/7.68.0"
10.0.0.5 - - [10/Oct/2025:14:01:06 +0000] "PUT /api/orders HTTP/1.1" 403 1052 "-" "curl/7.68.0"
127.0.0.1 - - [10/Oct/2025:14:01:07 +0000] "GET /api/users HTTP/1.1" 404 645 "-" "PostmanRuntime/7.28.4"
172.16.0.3 - - [10/Oct/2025:14:01:08 +0000] "PUT /health HTTP/1.1" 401 57 "-" "PostmanRuntime/7.28.4"
127.0.0.1 - - [10/Oct/2025:14:01:09 +0000] "POST /health HTTP/1.1" 403 1366 "-" "PostmanRuntime/7.28.4"
192.168.1.10 - - [10/Oct/2025:14:01:10 +0000] "GET /health HTTP/1.1" 403 347 "-" "PostmanRuntime/7.28.4"
192.168.1.10 - - [10/Oct/2025:14:01:11 +0000] "GET /health HTTP/1.1" 500 1892 "-" "kube-probe/1.20"
10.0.0.5 - - [10/Oct/2025:14:01:12 +0000] "DELETE /api/users HTTP/1.1" 404 318 "-" "Mozilla/5.0"
192.168.1.10 - - [10/Oct/2025:14:01:13 +0000] "GET /api/login HTTP/1.1" 400 693 "-" "Mozilla/5.0"
10.0.0.5 - - [10/Oct/2025:14:01:14 +0000] "POST /api/products HTTP/1.1" 400 1319 "-" "curl/7.68.0"
172.16.0.3 - - [10/Oct/2025:14:01:15 +0000] "DELETE /api/login HTTP/1.1" 404 1513 "-" "Mozilla/5.0"
127.0.0.1 - - [10/Oct/2025:14:01:16 +0000] "POST /api/users HTTP/1.1" 404 862 "-" "PostmanRuntime/7.28.4"
10.0.0.5 - - [10/Oct/2025:14:01:17 +0000] "DELETE /health HTTP/1.1" 403 1486 "-" "kube-probe/1.20"
192.168.1.10 - - [10/Oct/2025:14:01:18 +0000] "POST /api/login HTTP/1.1" 403 648 "-" "PostmanRuntime/7.28.4"
172.16.0.3 - - [10/Oct/2025:14:01:19 +0000] "GET /api/orders HTTP/1.1" 403 775 "-" "curl/7.68.0"
10.0.0.5 - - [10/Oct/2025:14:01:20 +0000] "GET /api/login HTTP/1.1" 201 411 "-" "curl/7.68.0"
192.168.1.10 - - [10/Oct/2025:14:01:21 +0000] "PUT /health HTTP/1.1" 404 383 "-" "Mozilla/5.0"
127.0.0.1 - - [10/Oct/2025:14:01:22 +0000] "POST /api/orders HTTP/1.1" 201 739 "-" "kube-probe/1.20"
192.168.1.10 - - [10/Oct/2025:14:01:23 +0000] "POST /api/users HTTP/1.1" 500 396 "-" "Mozilla/5.0"
192.168.1.10 - - [10/Oct/2025:14:01:24 +0000] "POST /api/users HTTP/1.1" 200 850 "-" "kube-probe/1.20"
127.0.0.1 - - [10/Oct/2025:14:01:25 +0000] "DELETE /api/users HTTP/1.1" 403 824 "-" "kube-probe/1.20"
192.168.1.10 - - [10/Oct/2025:14:01:26 +0000] "DELETE /api/orders HTTP/1.1" 201 1429 "-" "kube-probe/1.20"
192.168.1.10 - - [10/Oct/2025:14:01:27 +0000] "DELETE /api/users HTTP/1.1" 404 592 "-" "curl/7.68.0"
192.168.1.10 - - [10/Oct/2025:14:01:28 +0000] "GET /api/users HTTP/1.1" 403 1489 "-" "PostmanRuntime/7.28.4"
172.16.0.3 - - [10/Oct/2025:14:01:29 +0000] "DELETE /api/login HTTP/1.1" 403 764 "-" "kube-probe/1.20"
127.0.0.1 - - [10/Oct/2025:14:01:30 +0000] "DELETE /api/login HTTP/1.1" 400 86 "-" "kube-probe/1.20"
192.168.1.10 - - [10/Oct/2025:14:01:31 +0000] "DELETE /api/users HTTP/1.1" 404 1412 "-" "kube-probe/1.20"
172.16.0.3 - - [10/Oct/2025:14:01:32 +0000] "PUT /api/products HTTP/1.1" 404 847 "-" "Mozilla/5.0"
192.168.1.10 - - [10/Oct/2025:14:01:33 +0000] "DELETE /health HTTP/1.1" 403 432 "-" "Mozilla/5.0"
10.0.0.5 - - [10/Oct/2025:14:01:34 +0000] "PUT /api/products HTTP/1.1" 200 1764 "-" "PostmanRuntime/7.28.4"
192.168.1.10 - - [10/Oct/2025:14:01:35 +0000] "DELETE /api/orders HTTP/1.1" 201 1528 "-" "kube-probe/1.20"
10.0.0.5 - - [10/Oct/2025:14:01:36 +0000] "PUT /api/products HTTP/1.1" 201 865 "-" "curl/7.68.0"
172.16.0.3 - - [10/Oct/2025:14:01:37 +0000] "POST /api/users HTTP/1.1" 500 689 "-" "kube-probe/1.20"
192.168.1.10 - - [10/Oct/2025:14:01:38 +0000] "PUT /api/orders HTTP/1.1" 201 1643 "-" "Mozilla/5.0"
172.16.0.3 - - [10/Oct/2025:14:01:39 +0000] "DELETE /health HTTP/1.1" 201 1867 "-" "Mozilla/5.0"